// Jest Snapshot v1, https://goo.gl/fbAQLP

exports[`DefaultFollowerMessages should match the snapshot when loading 1`] = `
<View
  style={
    Object {
      "alignItems": "stretch",
      "backgroundColor": "white",
      "flex": 1,
      "justifyContent": "flex-start",
    }
  }
>
  <Header />
  <ScrollViewMock>
    <TouchableOpacity
      activeOpacity={0.2}
    >
      <Text
        style={
          Object {
            "backgroundColor": "#84183B",
            "borderColor": "white",
            "borderRadius": 8,
            "borderStyle": "solid",
            "borderWidth": 1,
            "color": "white",
            "fontSize": 30,
            "height": 60,
            "margin": 20,
            "padding": 10,
            "textAlign": "center",
            "width": "auto",
          }
        }
      >
        Default Message 1
      </Text>
    </TouchableOpacity>
    <TouchableOpacity
      activeOpacity={0.2}
    >
      <Text
        style={
          Object {
            "backgroundColor": "#84183B",
            "borderColor": "white",
            "borderRadius": 8,
            "borderStyle": "solid",
            "borderWidth": 1,
            "color": "white",
            "fontSize": 30,
            "height": 60,
            "margin": 20,
            "padding": 10,
            "textAlign": "center",
            "width": "auto",
          }
        }
      >
        Default Message 2
      </Text>
    </TouchableOpacity>
    <TouchableOpacity
      activeOpacity={0.2}
    >
      <Text
        style={
          Object {
            "backgroundColor": "#84183B",
            "borderColor": "white",
            "borderRadius": 8,
            "borderStyle": "solid",
            "borderWidth": 1,
            "color": "white",
            "fontSize": 30,
            "height": 60,
            "margin": 20,
            "padding": 10,
            "textAlign": "center",
            "width": "auto",
          }
        }
      >
        Default Message 3
      </Text>
    </TouchableOpacity>
    <TouchableOpacity
      activeOpacity={0.2}
    >
      <Text
        style={
          Object {
            "backgroundColor": "#84183B",
            "borderColor": "white",
            "borderRadius": 8,
            "borderStyle": "solid",
            "borderWidth": 1,
            "color": "white",
            "fontSize": 30,
            "height": 60,
            "margin": 20,
            "padding": 10,
            "textAlign": "center",
            "width": "auto",
          }
        }
      >
        Default Message 4
      </Text>
    </TouchableOpacity>
  </ScrollViewMock>
  <Footer
    navigate={[MockFunction]}
  />
</View>
`;
