// Jest Snapshot v1, https://goo.gl/fbAQLP

exports[`WandererFooter should match the snapshot when loading 1`] = `
<View
  style={
    Object {
      "backgroundColor": "#1C4263",
      "flexDirection": "row",
      "height": 60,
      "justifyContent": "space-around",
      "padding": 10,
    }
  }
>
  <TouchableOpacity
    activeOpacity={0.2}
    onPress={[Function]}
  >
    <Image
      source={
        Object {
          "uri": "https://cdn3.iconfinder.com/data/icons/flat-03-business-marketing/91/Business_Marketing_131-256.png",
        }
      }
      style={
        Object {
          "backgroundColor": "#1C4263",
          "height": 40,
          "width": 40,
        }
      }
    />
  </TouchableOpacity>
  <TouchableOpacity
    activeOpacity={0.2}
    onPress={[Function]}
  >
    <Image
      source={
        Object {
          "uri": "https://cdn2.iconfinder.com/data/icons/leto-blue-customer-support/64/__hand_help_information_support_service-256.png",
        }
      }
      style={
        Object {
          "backgroundColor": "#1C4263",
          "height": 40,
          "width": 50,
        }
      }
    />
  </TouchableOpacity>
  <TouchableOpacity
    activeOpacity={0.2}
    onPress={[Function]}
  >
    <Image
      source={
        Object {
          "uri": "https://cdn2.iconfinder.com/data/icons/leto-blue-web-marketing-content-3/64/_-02-256.png",
        }
      }
      style={
        Object {
          "backgroundColor": "#1C4263",
          "height": 40,
          "width": 50,
        }
      }
    />
  </TouchableOpacity>
</View>
`;
