// Jest Snapshot v1, https://goo.gl/fbAQLP

exports[`WandererDashboard should match the snapshot when loading 1`] = `
<View
  style={
    Object {
      "alignItems": "stretch",
      "backgroundColor": "#000000",
      "flex": 1,
      "justifyContent": "flex-start",
    }
  }
>
  <WandererHeader />
  <ScrollViewMock>
    <View
      style={
        Object {
          "flex": 1,
          "flexDirection": "row",
          "justifyContent": "space-between",
        }
      }
    >
      <TouchableOpacity
        activeOpacity={0.2}
      >
        <View
          style={
            Object {
              "backgroundColor": "red",
              "borderColor": "white",
              "borderRadius": 8,
              "borderStyle": "solid",
              "borderWidth": 1,
              "color": "white",
              "height": 200,
              "marginLeft": 10,
              "marginVertical": 20,
              "textAlign": "center",
              "width": 160,
            }
          }
        >
          <Text
            style={
              Object {
                "color": "white",
                "fontSize": 18,
                "marginVertical": 10,
                "textAlign": "center",
                "width": "auto",
              }
            }
          >
             Call Emergency Number
          </Text>
          <Text
            style={
              Object {
                "color": "white",
                "fontSize": 70,
                "fontWeight": "700",
                "textAlign": "center",
              }
            }
          >
            112
          </Text>
          <Image
            source={
              Object {
                "uri": "https://cdn2.iconfinder.com/data/icons/leto-most-searched-mix-3/64/__call_phone_ring-512.png",
              }
            }
            style={
              Object {
                "backgroundColor": "red",
                "height": 45,
                "marginLeft": 60,
                "width": 45,
              }
            }
          />
        </View>
      </TouchableOpacity>
      <Weather />
    </View>
    <Map />
  </ScrollViewMock>
  <WandererFooter
    navigate={[MockFunction]}
  />
</View>
`;
