// Jest Snapshot v1, https://goo.gl/fbAQLP

exports[`WandererDashboard should match the snapshot when loading 1`] = `
<View
  style={
    Object {
      "alignItems": "stretch",
      "backgroundColor": "#000000",
      "flex": 1,
      "justifyContent": "flex-start",
    }
  }
>
  <WandererHeader />
  <ScrollViewMock>
    <View
      style={
        Object {
          "flex": 1,
          "flexDirection": "row",
          "justifyContent": "space-between",
        }
      }
    >
      <Text
        style={
          Object {
            "borderColor": "white",
            "borderRadius": 8,
            "borderStyle": "solid",
            "borderWidth": 1,
            "color": "white",
            "fontSize": 20,
            "height": 200,
            "marginVertical": 15,
            "textAlign": "center",
            "width": 170,
          }
        }
      >
        Emergency Call
      </Text>
      <Weather />
    </View>
    <Map />
  </ScrollViewMock>
  <WandererFooter
    navigate={[MockFunction]}
  />
</View>
`;
